<html>
<body>
<pre>
<h1>µVision Build Log</h1>
<h2>Tool Versions:</h2>
IDE-Version: ¦ÌVision V5.37.0.0
Copyright (C) 2022 ARM Ltd and ARM Germany GmbH. All rights reserved.
License Information: 22 33, 44, LIC=03C6R-KUIY3-Y8FFK-Z559P-B0KQT-R1N36
 
Tool Versions:
Toolchain:       MDK-ARM Plus  Version: 5.37.0.0
Toolchain Path:  C:\Keil_v5\ARM\ARMCLANG\Bin
C Compiler:      ArmClang.exe V6.18
Assembler:       Armasm.exe V6.18
Linker/Locator:  ArmLink.exe V6.18
Library Manager: ArmAr.exe V6.18
Hex Converter:   FromElf.exe V6.18
CPU DLL:         SARMCM3.DLL V5.37.0.0
Dialog DLL:      DCM.DLL V1.17.5.0
Target DLL:      STLink\ST-LINKIII-KEIL_SWO.dll V3.0.9.0
Dialog DLL:      TCM.DLL V1.56.1.0
 
<h2>Project:</h2>
D:\MDKCODE\MDKCODE_H7\SPI_DMA\SPIMY\MDK-ARM\01-GPIO.uvprojx
Project File Date:  11/21/2022

<h2>Output:</h2>
*** Using Compiler 'V6.18', folder: 'C:\Keil_v5\ARM\ARMCLANG\Bin'
Build target '01-GPIO_W25Qxx'
compiling main.c...
compiling stm32h7xx_hal_msp.c...
compiling rng.c...
compiling stm32h7xx_it.c...
compiling gpio.c...
compiling spi.c...
compiling timer.c...
compiling dma.c...
compiling stm32h7xx_hal_rng_ex.c...
compiling stm32h7xx_hal_rng.c...
compiling stm32h7xx_hal_cortex.c...
compiling stm32h7xx_hal_rcc.c...
compiling stm32h7xx_hal_flash.c...
compiling stm32h7xx_hal_flash_ex.c...
compiling stm32h7xx_hal_gpio.c...
compiling stm32h7xx_hal_rcc_ex.c...
compiling stm32h7xx_hal_hsem.c...
compiling stm32h7xx_hal_dma.c...
compiling stm32h7xx_hal_pwr.c...
compiling stm32h7xx_hal_dma_ex.c...
compiling stm32h7xx_hal_mdma.c...
compiling stm32h7xx_hal_pwr_ex.c...
compiling stm32h7xx_hal.c...
compiling stm32h7xx_hal_spi_ex.c...
compiling stm32h7xx_hal_exti.c...
compiling stm32h7xx_hal_i2c_ex.c...
compiling stm32h7xx_hal_spi.c...
compiling system_stm32h7xx.c...
compiling MPU9250.c...
compiling stm32h7xx_hal_tim.c...
compiling stm32h7xx_hal_tim_ex.c...
compiling stm32h7xx_hal_i2c.c...
linking...
Program Size: Code=12656 RO-data=712 RW-data=64 ZI-data=1448  
FromELF: creating hex file...
".\01-GPIO_W25Qxx\01-GPIO_W25Qxx.axf" - 0 Error(s), 0 Warning(s).

<h2>Software Packages used:</h2>

Package Vendor: ARM
                http://www.keil.com/pack/ARM.CMSIS.5.9.0.pack
                ARM.CMSIS.5.9.0
                CMSIS (Common Microcontroller Software Interface Standard)
   * Component: CORE Version: 5.6.0

Package Vendor: Keil
                http://www.keil.com/pack/Keil.STM32H7xx_DFP.3.0.0.pack
                Keil.STM32H7xx_DFP.3.0.0
                STMicroelectronics STM32H7 Series Device Support and Examples

<h2>Collection of Component include folders:</h2>
  ./RTE/_01-GPIO_W25Qxx
  C:/Keil_v5/ARM/Pack/ARM/CMSIS/5.9.0/CMSIS/Core/Include
  C:/Keil_v5/ARM/Pack/Keil/STM32H7xx_DFP/3.0.0/Drivers/CMSIS/Device/ST/STM32H7xx/Include

<h2>Collection of Component Files used:</h2>

   * Component: ARM::CMSIS:CORE:5.6.0
Build Time Elapsed:  00:00:06
</pre>
</body>
</html>
